// Jest Snapshot v1, https://goo.gl/fbAQLP

exports[`File class It should create a File instance from a getByID example response 1`] = `
NexusFile {
  "bytes": 670,
  "constrainedBy": "https://bluebrain.github.io/nexus/schemas/file.json",
  "context": "https://bluebrain.github.io/nexus/contexts/resource.json",
  "createdAt": "2019-01-28T12:15:33.238Z",
  "createdBy": "https://nexus.example.com/v1/anonymous",
  "deprecated": false,
  "digest": Object {
    "algorithm": "SHA-256",
    "value": "25fc54fba0beec17a598b5a68420ded1595b2f76f0a0b7c6077792ece828bc2e",
  },
  "filename": "myfile.jpg",
  "id": "base:d8848d4c-68f7-4ffd-952f-63a8cbcb86a9",
  "mediaType": "image/jpeg",
  "orgLabel": "testOrg",
  "project": "https://nexus.example.com/v1/projects/myorg/myproj",
  "projectLabel": "testProject",
  "raw": Object {
    "@context": "https://bluebrain.github.io/nexus/contexts/resource.json",
    "@id": "base:d8848d4c-68f7-4ffd-952f-63a8cbcb86a9",
    "@type": "File",
    "_bytes": 670,
    "_constrainedBy": "https://bluebrain.github.io/nexus/schemas/file.json",
    "_createdAt": "2019-01-28T12:15:33.238Z",
    "_createdBy": "https://nexus.example.com/v1/anonymous",
    "_deprecated": false,
    "_digest": Object {
      "_algorithm": "SHA-256",
      "_value": "25fc54fba0beec17a598b5a68420ded1595b2f76f0a0b7c6077792ece828bc2e",
    },
    "_filename": "myfile.jpg",
    "_mediaType": "image/jpeg",
    "_project": "https://nexus.example.com/v1/projects/myorg/myproj",
    "_rev": 1,
    "_self": "https://nexus.example.com/v1/files/myorg/myproj/base:d8848d4c-68f7-4ffd-952f-63a8cbcb86a9",
    "_updatedAt": "2019-01-28T12:15:33.238Z",
    "_updatedBy": "https://nexus.example.com/v1/anonymous",
  },
  "rev": 1,
  "self": "https://nexus.example.com/v1/files/myorg/myproj/base:d8848d4c-68f7-4ffd-952f-63a8cbcb86a9",
  "type": "File",
  "updatedAt": "2019-01-28T12:15:33.238Z",
  "updatedBy": "https://nexus.example.com/v1/anonymous",
}
`;
