// Jest Snapshot v1, https://goo.gl/fbAQLP

exports[`should display an ErrorMessage if wrapped component throws 1`] = `
<ErrorBoundary>
  <h1>
    Something went wrong.
  </h1>
</ErrorBoundary>
`;
