// Jest Snapshot v1, https://goo.gl/fbAQLP

exports[`should render stage 1`] = `
<TestHook
  hook={[Function]}
>
  <div>
    Loading
  </div>
</TestHook>
`;
